     1                                  bits 32 ; assembling for the 32 bits architecture
     2                                  
     3                                  ; declare the EntryPoint (a label defining the very first instruction of the program)
     4                                  global start        
     5                                  
     6                                  ; declare external functions needed by our program
     7                                  extern exit
     8                                  import exit msvcrt.dll
     9                                  
    10                                  segment data use32 class=data
    11 00000000 1100000002000000            numere dd 11h, 2h
    12 00000008 616263                      tabela db 'a', 'b', 'c'
    13                                      
    14                                  
    15                                  ; our code starts here
    16                                  segment code use32 class=code
    17                                      start:
    18 00000000 BB[08000000]                    mov ebx, tabela
    19 00000005 B002                            mov al, 2
    20 00000007 26D7                            es xlat
    21                                          
    22                                      
    23                                          ; exit(0)
    24 00000009 6A00                            push    dword 0      ; push the parameter for exit onto the stack
    25 0000000B FF15[00000000]                  call    [exit]       ; call exit to terminate the program
