     1                                  bits 32 ; assembling for the 32 bits architecture
     2                                  
     3                                  ; declare the EntryPoint (a label defining the very first instruction of the program)
     4                                  global start        
     5                                  
     6                                  ; declare external functions needed by our program
     7                                  extern exit, printf, scanf
     8                                  import exit msvcrt.dll
     9                                  import printf msvcrt.dll
    10                                  import scanf msvcrt.dll
    11                                  
    12                                  segment data use32 class=data
    13 00000000 00000000                    n dd 0
    14                                      
    15 00000004 4E756D61723A2000            mesaj_int db "Numar: ", 0
    16 0000000C 256400                      format db "%d", 0
    17 0000000F 4D696E696D756C2065-         format_afis db "Minimul este: %d", 0
    17 00000018 7374653A20256400   
    18                                  
    19                                  ; 30. Se citesc de la tastatura numere (in baza 10) pana cand se introduce cifra 0. Determinaţi şi afişaţi cel mai mic număr dintre cele citite.
    20                                  segment code use32 class=code
    21                                      start:
    22 00000000 BBFFFFFF0F                      mov ebx, 0FFF_FFFFh ; numar minim
    23                                          repeta:
    24                                              ; citire
    25 00000005 68[04000000]                        push dword mesaj_int
    26 0000000A FF15[00000000]                      call [printf]
    27 00000010 83C404                              add esp, 4*1
    28                                              
    29 00000013 68[00000000]                        push dword n
    30 00000018 68[0C000000]                        push dword format
    31 0000001D FF15[00000000]                      call [scanf]
    32 00000023 83C408                              add esp, 4*2
    33                                              
    34                                              ; e zero?
    35 00000026 A1[00000000]                        mov eax, [n]
    36 0000002B 83F800                              cmp eax, 0
    37 0000002E 7408                                je afara
    38                                              
    39                                              ; comparare
    40 00000030 39D8                                cmp eax, ebx
    41 00000032 7F02                                jg next
    42                                              
    43 00000034 89C3                                mov ebx, eax
    44                                              
    45                                              next:
    46                                              
    47 00000036 EBCD                                jmp repeta
    48                                          
    49                                          afara:
    50                                              
    51                                          ; afisare
    52 00000038 53                              push dword ebx
    53 00000039 68[0F000000]                    push dword format_afis
    54 0000003E FF15[00000000]                  call [printf]
    55 00000044 83C408                          add esp, 4*2
    56                                          
    57                                      
    58                                          ; exit(0)
    59 00000047 6A00                            push    dword 0      ; push the parameter for exit onto the stack
    60 00000049 FF15[00000000]                  call    [exit]       ; call exit to terminate the program
