     1                                  bits 32
     2                                  
     3                                  global start        
     4                                  
     5                                  
     6                                  extern exit               
     7                                  import exit msvcrt.dll    
     8                                  
     9                                  
    10                                  segment data use32 class=data
    11 00000000 01020304                    s db 1, 2, 3, 4
    12                                      len equ $-s
    13 00000004 0000<rept>                  d times len - 1 dw 0
    14                                      
    15                                  
    16                                  ; Se da un sir de octeti S de lungime l. Sa se construiasca sirul D de lungime l-1 astfel incat elementele din D sa reprezinte produsul dintre fiecare 2 elemente consecutive S(i) si S(i+1) din S.
    17                                  segment code use32 class=code
    18                                      start:
    19                                          
    20 00000000 B904000000                      mov ecx, len
    21 00000005 49                              dec ecx
    22 00000006 E31B                            jecxz final
    23                                          
    24                                          
    25 00000008 BE00000000                      mov esi, 0
    26                                          
    27                                          repeta:
    28 0000000D 8A86[00000000]                      mov al, [s + esi]
    29 00000013 F6AE[01000000]                      imul byte [s + esi + 1]
    30 00000019 668986[04000000]                    mov [d + esi], ax
    31                                              
    32 00000020 46                                  inc esi
    33                                              
    34 00000021 E2EA                            loop repeta
    35                                              
    36                                          final:
    37                                          ; exit(0)
    38 00000023 6A00                            push    dword 0      ; push the parameter for exit onto the stack
    39 00000025 FF15[00000000]                  call    [exit]       ; call exit to terminate the program
