     1                                  bits 32 
     2                                  
     3                                  global start        
     4                                  
     5                                  extern exit, fopen, fclose, printf, fprintf
     6                                  import exit msvcrt.dll
     7                                  import fopen msvcrt.dll
     8                                  import fclose msvcrt.dll
     9                                  import fprintf msvcrt.dll
    10                                  import printf msvcrt.dll
    11                                  
    12                                  segment data use32 class=data
    13 00000000 6669736965722E7478-         nume_fisie db "fisier.txt", 0
    13 00000009 7400               
    14 0000000B 7700                        mod_acces db "w", 0
    15 0000000D FFFFFFFF                    descriptor dd -1
    16                                      
    17 00000011 3D09                        n dw 2365
    18 00000013 0A00                        zece dw 10
    19                                      
    20 00000015 25640D0A00                  format_afis db "%d", 13, 10, 0
    21                                      
    22 0000001A 446573636869646572-         eroare db "Deschiderea fisierului a esuat", 0
    22 00000023 656120666973696572-
    22 0000002C 756C75692061206573-
    22 00000035 75617400           
    23                                  
    24                                  ; Se da numele unui fisier si un numar pe cuvant scris in memorie. Se considera numarul in reprezentarea fara semn. Sa se scrie cifrele zecimale ale acestui numar ca text in fisier, fiecare cifra pe o linie separata
    25                                  segment code use32 class=code
    26                                      start:
    27                                          ; fopen (nume_fisie, mod_acces)
    28 00000000 68[0B000000]                    push dword mod_acces
    29 00000005 68[00000000]                    push dword nume_fisie
    30 0000000A FF15[00000000]                  call [fopen]
    31 00000010 83C408                          add esp, 4*2
    32                                          
    33 00000013 83F800                          cmp eax, 0
    34 00000016 7449                            je eroare_deschidere
    35                                          
    36 00000018 A3[0D000000]                    mov [descriptor], eax
    37                                          
    38 0000001D 66A1[11000000]                  mov ax, word [n] 
    39                                          repeta:
    40 00000023 6683F800                            cmp ax, 0
    41 00000027 7427                                je afara
    42                                              
    43 00000029 BA00000000                          mov edx, 0
    44 0000002E 66F735[13000000]                    div word [zece]
    45                                              
    46 00000035 6650                                push ax
    47                                              ; fprintf(descriptor, format_afis, edx)
    48 00000037 52                                  push dword edx
    49 00000038 68[15000000]                        push dword format_afis
    50 0000003D FF35[0D000000]                      push dword [descriptor]
    51 00000043 FF15[00000000]                      call [fprintf]
    52 00000049 83C40C                              add esp, 4*3
    53                                              
    54 0000004C 6658                                pop ax
    55 0000004E EBD3                                jmp repeta
    56                                          
    57                                          afara:
    58                                          
    59                                          ; fclose(descriptor)
    60 00000050 FF35[0D000000]                  push dword [descriptor]
    61 00000056 FF15[00000000]                  call [fclose]
    62 0000005C 83C404                          add esp, 4
    63                                          
    64 0000005F EB0E                            jmp final
    65                                          eroare_deschidere:
    66 00000061 68[1A000000]                        push dword eroare
    67 00000066 FF15[00000000]                      call [printf]
    68 0000006C 83C404                              add esp, 4
    69                                          final:
    70                                          ; exit(0)
    71 0000006F 6A00                            push    dword 0      ; push the parameter for exit onto the stack
    72 00000071 FF15[00000000]                  call    [exit]       ; call exit to terminate the program
